Created Ordering
Executing Ordering
perm[0] = 6
perm[1] = 0
perm[2] = 2
perm[3] = 8
perm[4] = 5
perm[5] = 3
perm[6] = 4
perm[7] = 7
perm[8] = 1
