new2old[0] = 0
new2old[1] = 3
new2old[2] = 1
new2old[3] = 6
new2old[4] = 4
new2old[5] = 2
new2old[6] = 7
new2old[7] = 5
new2old[8] = 8
