new2old[0] = 0
new2old[1] = 1
new2old[2] = 2
new2old[3] = 23
new2old[4] = 21
new2old[5] = 5
new2old[6] = 16
new2old[7] = 13
new2old[8] = 17
new2old[9] = 6
new2old[10] = 20
new2old[11] = 15
new2old[12] = 14
new2old[13] = 4
new2old[14] = 8
new2old[15] = 25
new2old[16] = 3
new2old[17] = 22
new2old[18] = 12
new2old[19] = 24
new2old[20] = 7
new2old[21] = 9
new2old[22] = 10
new2old[23] = 11
new2old[24] = 18
new2old[25] = 19
