perm[0] = 0
perm[1] = 1
perm[2] = 3
perm[3] = 2
perm[4] = 6
perm[5] = 4
perm[6] = 7
perm[7] = 5
perm[8] = 8
