perm[0] = 0
perm[1] = 1
perm[2] = 2
perm[3] = 21
perm[4] = 23
perm[5] = 16
perm[6] = 5
perm[7] = 13
perm[8] = 6
perm[9] = 17
perm[10] = 20
perm[11] = 15
perm[12] = 4
perm[13] = 14
perm[14] = 25
perm[15] = 8
perm[16] = 3
perm[17] = 12
perm[18] = 22
perm[19] = 24
perm[20] = 7
perm[21] = 9
perm[22] = 10
perm[23] = 11
perm[24] = 18
perm[25] = 19
