
WARNING: StackSize 4 is incorrect! h2() in "test01.cc" - 152
         Probably forgot to pop 1 members off the stack
         Before modification...
  h3() in "test01.cc" - 159
  h2() in "test01.cc" - 151
  h1() in "test01.cc" - 142
  main(argv,argc) in "test01.cc" - 69
         After modification...
  h2() in "test01.cc" - 151
  h1() in "test01.cc" - 142
  main(argv,argc) in "test01.cc" - 69
Error: Stack not empty
  main(argv,argc) in "test01.cc" - 69
  f3() in "test01.cc" - 105
  f2() in "test01.cc" - 88
  f1() in "test01.cc" - 79
  main(argv,argc) in "test01.cc" - 65
  f3() in "test01.cc" - 105
  f2() in "test01.cc" - 93
  f1() in "test01.cc" - 79
  main(argv,argc) in "test01.cc" - 65
  f3() in "test01.cc" - 105
  f2() in "test01.cc" - 97
  f1() in "test01.cc" - 79
  main(argv,argc) in "test01.cc" - 65
  g3() in "test01.cc" - 132
  g2() in "test01.cc" - 124
  g1() in "test01.cc" - 115
  main(argv,argc) in "test01.cc" - 67
  h3() in "test01.cc" - 159
  h2() in "test01.cc" - 151
  h1() in "test01.cc" - 142
  main(argv,argc) in "test01.cc" - 69