 DiagPtr[ 0] =  0
 DiagPtr[ 1] =  1
 DiagPtr[ 2] =  2
 DiagPtr[ 3] =  3
 DiagPtr[ 4] =  4
 DiagPtr[ 5] =  5
 DiagPtr[ 6] =  6
 DiagPtr[ 7] =  7
 DiagPtr[ 8] =  8
