 ColPtr1   ColPtr2 
   0   0   0
   1   3   3
   2   7   7
   3  10  10
   4  14  14
   5  19  19
   6  23  23
   7  26  26
   8  30  30
   9  33  33
 RowIdx1   RowIdx2 
   0   0   0
   1   1   1
   2   3   3
   3   0   0
   4   1   1
   5   2   2
   6   4   4
   7   1   1
   8   2   2
   9   5   5
  10   0   0
  11   3   3
  12   4   4
  13   6   6
  14   1   1
  15   3   3
  16   4   4
  17   5   5
  18   7   7
  19   2   2
  20   4   4
  21   5   5
  22   8   8
  23   3   3
  24   6   6
  25   7   7
  26   4   4
  27   6   6
  28   7   7
  29   8   8
  30   5   5
  31   7   7
  32   8   8
Spy of the matrix
   0:        1       3                    
   1:            2       4                
   2:                        5            
   3:                    4       6        
   4:                        5       7    
   5:                                    8
   6:                                7    
   7:                                    8
   8:                                     
Spy of the matrix
   0:        1       3                    
   1:    0       2       4                
   2:        1               5            
   3:    0               4       6        
   4:        1       3       5       7    
   5:            2       4               8
   6:                3               7    
   7:                    4       6       8
   8:                        5       7    
