
nBucketsMax = 10    nItemsMax = 10
    nInserted = 0
bucket:  -1   -1   -1   -1   -1   -1   -1   -1   -1   -1  
next:    -1   -1   -1   -1   -1   -1   -1   -1   -1   -1  
prev:    -1   -1   -1   -1   -1   -1   -1   -1   -1   -1  
key:     -1   -1   -1   -1   -1   -1   -1   -1   -1   -1  

nBucketsMax = 10    nItemsMax = 10
    nInserted = 5
bucket:  -1   -1    8   -1   -1   -1   -1   -1   -1   -1  
next:     8   -1    0   -1    2   -1    4   -1    6   -1  
prev:     2   -1    4   -1    6   -1    8   -1    0   -1  
key:      2   -1    2   -1    2   -1    2   -1    2   -1  

nInserted = 5
    0 : 
    1 : 
    2 :    8    6    4    2    0 
    3 : 
    4 : 
    5 : 
    6 : 
    7 : 
    8 : 
    9 : 

nBucketsMax = 10    nItemsMax = 10
    nInserted = 0
bucket:  -1   -1   -1   -1   -1   -1   -1   -1   -1   -1  
next:    -1   -1   -1   -1   -1   -1   -1   -1   -1   -1  
prev:    -1   -1   -1   -1   -1   -1   -1   -1   -1   -1  
key:     -1   -1   -1   -1   -1   -1   -1   -1   -1   -1  

nBucketsMax = 10    nItemsMax = 10
    nInserted = 5
bucket:  -1   -1    0   -1   -1   -1   -1   -1   -1   -1  
next:     2   -1    4   -1    6   -1    8   -1    0   -1  
prev:     8   -1    0   -1    2   -1    4   -1    6   -1  
key:      2   -1    2   -1    2   -1    2   -1    2   -1  

nInserted = 5
    0 : 
    1 : 
    2 :    0    2    4    6    8 
    3 : 
    4 : 
    5 : 
    6 : 
    7 : 
    8 : 
    9 : 
