Preorder and Postorder of unpermuted graph.
    0)     8     0
    1)     7     1
    2)     6     2
    3)     5     3
    4)     4     4
    5)     3     5
    6)     2     6
    7)     1     7
    8)     0     8

Preorder and Postorder of permuted graph.
    0)     5     0
    1)     4     2
    2)     3     1
    3)     1     6
    4)     0     8
    5)     2     7
    6)     7     3
    7)     6     4
    8)     8     5

