
insert <50,5>
Heap.size = 1
<50, 5>

insert <10,1>
Heap.size = 2
<10, 1>
     <50, 5>

insert <40,4>
Heap.size = 3
<10, 1>
     <50, 5>
<40, 4>

insert <70,7>
Heap.size = 4
<10, 1>
     <50, 5>
          <70, 7>
     <40, 4>

insert <30,3>
Heap.size = 5
<10, 1>
     <50, 5>
<30, 3>
          <70, 7>
     <40, 4>

insert <60,6>
Heap.size = 6
<10, 1>
     <50, 5>
<30, 3>
          <70, 7>
<40, 4>
     <60, 6>

insert <20,2>
Heap.size = 7
<10, 1>
     <50, 5>
<30, 3>
          <70, 7>
<40, 4>
     <60, 6>
<20, 2>

insert <80,8>
Heap.size = 8
<10, 1>
     <50, 5>
          <70, 7>
     <30, 3>
               <80, 8>
     <40, 4>
          <60, 6>
     <20, 2>

increment 1 by 80
Heap.size = 8
<50, 5>
     <70, 7>
          <80, 8>
     <30, 3>
               <90, 1>
     <40, 4>
          <60, 6>
     <20, 2>

increment 2 by 80
Heap.size = 8
<50, 5>
     <70, 7>
          <80, 8>
     <30, 3>
               <100, 2>
     <40, 4>
          <90, 1>
     <60, 6>

increment 3 by 80
Heap.size = 8
<50, 5>
     <70, 7>
          <100, 2>
     <80, 8>
               <110, 3>
     <40, 4>
          <90, 1>
     <60, 6>

increment 4 by 5
Heap.size = 8
<50, 5>
     <70, 7>
          <100, 2>
     <80, 8>
               <110, 3>
     <45, 4>
          <90, 1>
     <60, 6>

increment 4 by 5
Heap.size = 8
<50, 5>
     <70, 7>
          <100, 2>
     <80, 8>
               <110, 3>
     <50, 4>
          <90, 1>
     <60, 6>

increment 4 by 5
Heap.size = 8
<50, 5>
     <70, 7>
          <100, 2>
     <80, 8>
               <110, 3>
     <55, 4>
          <90, 1>
     <60, 6>

increment 4 by 5
Heap.size = 8
<50, 5>
     <70, 7>
          <100, 2>
     <80, 8>
               <110, 3>
     <60, 4>
          <90, 1>
     <60, 6>

increment 4 by 5
Heap.size = 8
<50, 5>
     <70, 7>
          <100, 2>
     <80, 8>
               <110, 3>
     <65, 4>
          <90, 1>
     <60, 6>

remove max 3
Heap.size = 7
<70, 7>
     <80, 8>
<50, 5>
          <100, 2>
<65, 4>
     <90, 1>
<60, 6>

remove max 2
Heap.size = 6
<70, 7>
     <80, 8>
<50, 5>
          <90, 1>
<60, 6>
     <65, 4>

remove max 1
Heap.size = 5
<60, 6>
     <70, 7>
<50, 5>
          <80, 8>
     <65, 4>

remove max 8
Heap.size = 4
<50, 5>
     <60, 6>
          <70, 7>
     <65, 4>

decrement 7 by 10
Heap.size = 4
<50, 5>
     <60, 6>
          <65, 4>
     <60, 7>

decrement 4 by 5
Heap.size = 4
<50, 5>
     <60, 6>
          <60, 4>
     <60, 7>

decrement 4 by 5
Heap.size = 4
<50, 5>
     <55, 4>
          <60, 6>
     <60, 7>
