Original Graph
QuotientGraph(short) {
     0 (     1) : |<-clq      |<-vtx            |<-end 
          2       |      0    |      2     4    | 
     1 (     1) : |<-clq      |<-vtx                  |<-end 
          3       |      1    |      2     3     4    | 
     2 (     1) : |<-clq      |<-vtx                  |<-end 
          3       |      2    |      0     1     5    | 
     3 (     1) : |<-clq      |<-vtx      |<-end 
          1       |      3    |      1    | 
     4 (     1) : |<-clq      |<-vtx                  |<-end 
          3       |      4    |      0     1     5    | 
     5 (     1) : |<-clq      |<-vtx            |<-end 
          2       |      5    |      2     4    | 
}
********** Eliminate 2 and 4 ***********
QuotientGraph(short) {
     0 (     2) : |<-clq                  |<-vtx|<-end 
          1       |      0     2     4    |     | 
     1            : ( outmatched by 0 )
                    ||| 
     2 (     3) : |<-clq|<-vtx                  |<-end 
               3  |     |      0     1     5    | 
     3 (     1) : |<-clq      |<-vtx      |<-end 
          1       |      3    |      1    | 
     4 (     3) : |<-clq|<-vtx                  |<-end 
               3  |     |      0     1     5    | 
     5            : ( absorbed by 0 )
                    ||| 
}
reachableVtxs: 0, 
mergedVtxs: 5, 
********** Eliminate 0 and 3 ***********
QuotientGraph(short) {
     0 (     1) : |<-clq|<-vtx      |<-end 
               1  |     |      1    | 
     1 (     1) : |<-clq                  |<-vtx|<-end 
          0       |      1     0     3    |     | 
     2            : ( absorbed by 5 )
                    ||| 
     3 (     1) : |<-clq|<-vtx      |<-end 
               1  |     |      1    | 
     4            : ( absorbed by 5 )
                    ||| 
     5            : ( absorbed by 0 )
                    ||| 
}
reachableVtxs: 1, 
mergedVtxs: 
********** Eliminate 1 ***********
QuotientGraph(short) {
     0            : ( absorbed by 1 )
                    ||| 
     1 (     0) : |<-clq|<-vtx|<-end 
                 0  |     |     | 
     2            : ( absorbed by 5 )
                    ||| 
     3            : ( absorbed by 1 )
                    ||| 
     4            : ( absorbed by 5 )
                    ||| 
     5            : ( absorbed by 0 )
                    ||| 
}
