Original Graph
QuotientGraph(short) {
     0 (     1) : |<-clq      |<-vtx            |<-end 
          2       |      0    |      1     3    | 
     1 (     1) : |<-clq      |<-vtx                  |<-end 
          3       |      1    |      0     2     4    | 
     2 (     1) : |<-clq      |<-vtx            |<-end 
          2       |      2    |      1     5    | 
     3 (     1) : |<-clq      |<-vtx                  |<-end 
          3       |      3    |      0     4     6    | 
     4 (     1) : |<-clq      |<-vtx                        |<-end 
          4       |      4    |      1     3     5     7    | 
     5 (     1) : |<-clq      |<-vtx                  |<-end 
          3       |      5    |      2     4     8    | 
     6 (     1) : |<-clq      |<-vtx            |<-end 
          2       |      6    |      3     7    | 
     7 (     1) : |<-clq      |<-vtx                  |<-end 
          3       |      7    |      4     6     8    | 
     8 (     1) : |<-clq      |<-vtx            |<-end 
          2       |      8    |      5     7    | 
}
********** Eliminate 0, 2, 6, 8 ***********
QuotientGraph(short) {
     0 (     2) : |<-clq|<-vtx            |<-end 
               2  |     |      1     3    | 
     1 (     1) : |<-clq            |<-vtx            |<-end 
          3       |      0     1    |      4     2    | 
     2 (     1) : |<-clq      |<-vtx            |<-end 
          2       |      2    |      1     5    | 
     3 (     1) : |<-clq            |<-vtx            |<-end 
          3       |      0     3    |      6     4    | 
     4 (     1) : |<-clq      |<-vtx                        |<-end 
          4       |      4    |      1     3     5     7    | 
     5 (     1) : |<-clq      |<-vtx                  |<-end 
          3       |      5    |      2     4     8    | 
     6 (     1) : |<-clq      |<-vtx            |<-end 
          2       |      6    |      3     7    | 
     7 (     1) : |<-clq      |<-vtx                  |<-end 
          3       |      7    |      4     6     8    | 
     8 (     1) : |<-clq      |<-vtx            |<-end 
          2       |      8    |      5     7    | 
}
QuotientGraph(short) {
     0 (     2) : |<-clq|<-vtx            |<-end 
               1  |     |      1     3    | 
     1 (     1) : |<-clq                  |<-vtx      |<-end 
          3       |      2     1     0    |      4    | 
     2 (     2) : |<-clq|<-vtx            |<-end 
               2  |     |      1     5    | 
     3 (     1) : |<-clq            |<-vtx            |<-end 
          3       |      0     3    |      6     4    | 
     4 (     1) : |<-clq      |<-vtx                        |<-end 
          4       |      4    |      1     3     5     7    | 
     5 (     1) : |<-clq            |<-vtx            |<-end 
          3       |      2     5    |      8     4    | 
     6 (     1) : |<-clq      |<-vtx            |<-end 
          2       |      6    |      3     7    | 
     7 (     1) : |<-clq      |<-vtx                  |<-end 
          3       |      7    |      4     6     8    | 
     8 (     1) : |<-clq      |<-vtx            |<-end 
          2       |      8    |      5     7    | 
}
QuotientGraph(short) {
     0 (     2) : |<-clq|<-vtx            |<-end 
               1  |     |      1     3    | 
     1 (     1) : |<-clq                  |<-vtx      |<-end 
          3       |      2     1     0    |      4    | 
     2 (     2) : |<-clq|<-vtx            |<-end 
               2  |     |      1     5    | 
     3 (     1) : |<-clq                  |<-vtx      |<-end 
          3       |      6     3     0    |      4    | 
     4 (     1) : |<-clq      |<-vtx                        |<-end 
          4       |      4    |      1     3     5     7    | 
     5 (     1) : |<-clq            |<-vtx            |<-end 
          3       |      2     5    |      8     4    | 
     6 (     2) : |<-clq|<-vtx            |<-end 
               2  |     |      3     7    | 
     7 (     1) : |<-clq            |<-vtx            |<-end 
          3       |      6     7    |      8     4    | 
     8 (     1) : |<-clq      |<-vtx            |<-end 
          2       |      8    |      5     7    | 
}
QuotientGraph(short) {
     0 (     2) : |<-clq|<-vtx            |<-end 
               1  |     |      1     3    | 
     1 (     1) : |<-clq                  |<-vtx      |<-end 
          3       |      2     1     0    |      4    | 
     2 (     2) : |<-clq|<-vtx            |<-end 
               1  |     |      1     5    | 
     3 (     1) : |<-clq                  |<-vtx      |<-end 
          3       |      6     3     0    |      4    | 
     4 (     1) : |<-clq      |<-vtx                        |<-end 
          4       |      4    |      1     3     5     7    | 
     5 (     1) : |<-clq                  |<-vtx      |<-end 
          3       |      8     5     2    |      4    | 
     6 (     2) : |<-clq|<-vtx            |<-end 
               1  |     |      3     7    | 
     7 (     1) : |<-clq                  |<-vtx      |<-end 
          3       |      8     7     6    |      4    | 
     8 (     2) : |<-clq|<-vtx            |<-end 
               2  |     |      5     7    | 
}
Now eliminate vertices 1, 5
QuotientGraph(short) {
     0            : ( absorbed by 1 )
                    ||| 
     1 (     3) : |<-clq|<-vtx                  |<-end 
               3  |     |      5     3     4    | 
     2            : ( absorbed by 1 )
                    ||| 
     3 (     1) : |<-clq                  |<-vtx|<-end 
          3       |      1     3     6    |     | 
     4 (     1) : |<-clq            |<-vtx      |<-end 
          3       |      1     4    |      7    | 
     5 (     1) : |<-clq                  |<-vtx|<-end 
          3       |      1     5     8    |     | 
     6 (     2) : |<-clq|<-vtx            |<-end 
               1  |     |      3     7    | 
     7 (     1) : |<-clq                  |<-vtx      |<-end 
          3       |      8     7     6    |      4    | 
     8 (     2) : |<-clq|<-vtx            |<-end 
               1  |     |      5     7    | 
}
QuotientGraph(short) {
     0            : ( absorbed by 1 )
                    ||| 
     1            : ( outmatched by 7 )
                    ||| 
     2            : ( absorbed by 1 )
                    ||| 
     3            : ( absorbed by 4 )
                    ||| 
     4 (     3) : |<-clq            |<-vtx|<-end 
          0       |      7     4    |     | 
     5            : ( absorbed by 4 )
                    ||| 
     6            : ( absorbed by 7 )
                    ||| 
     7 (     3) : |<-clq|<-vtx      |<-end 
               3  |     |      4    | 
     8            : ( absorbed by 7 )
                    ||| 
}
Eliminating supernode 4
QuotientGraph(short) {
     0            : ( absorbed by 1 )
                    ||| 
     1            : ( absorbed by 5 )
                    ||| 
     2            : ( absorbed by 1 )
                    ||| 
     3            : ( absorbed by 4 )
                    ||| 
     4 (     0) : |<-clq|<-vtx|<-end 
                 0  |     |     | 
     5            : ( absorbed by 3 )
                    ||| 
     6            : ( absorbed by 7 )
                    ||| 
     7            : ( absorbed by 5 )
                    ||| 
     8            : ( absorbed by 7 )
                    ||| 
}
Exhausted all vertices.  Do compression?
QuotientGraph(short) {
     0            : ( absorbed by 1 )
                    ||| 
     1            : ( absorbed by 5 )
                    ||| 
     2            : ( absorbed by 1 )
                    ||| 
     3            : ( absorbed by 4 )
                    ||| 
     4 (     0) : |<-clq|<-vtx|<-end 
                 0  |     |     | 
     5            : ( absorbed by 3 )
                    ||| 
     6            : ( absorbed by 7 )
                    ||| 
     7            : ( absorbed by 5 )
                    ||| 
     8            : ( absorbed by 7 )
                    ||| 
}
