********** input/simple.coord **********

    1 | 
    2 |      4 
    3 | 
    4 |      1 
    5 |      4 
********** input/simple.coord **********

    1 | 
    2 |      4 
    3 | 
    4 |      1 
    5 |      4 
