********** input/slask.dat **********
*** NOTE: Christensen files do not necessarily have edges sorted
***       Therefore the resulting file written out is *not*
***       identical to input
64
255
16
1 1
1 13
1 33
1 42
2 2
2 8
2 13
2 19
2 25
2 30
2 39
2 42
2 43
3 3
3 4
3 11
3 22
3 27
3 37
3 45
3 53
3 60
4 4
4 17
4 26
4 27
4 46
4 53
4 55
4 63
5 5
5 16
5 36
5 46
5 47
5 55
6 6
6 18
6 49
6 52
6 56
6 64
7 7
7 10
7 20
7 31
7 32
7 44
7 45
7 59
7 60
8 8
8 19
8 25
8 30
8 42
9 9
9 19
9 34
9 43
9 58
9 61
10 10
10 27
10 32
10 60
10 63
11 11
11 22
11 37
11 45
11 53
12 12
12 22
12 25
12 35
12 48
12 50
13 13
13 33
13 39
13 42
14 14
14 30
14 37
14 52
14 56
14 64
15 15
15 28
15 38
15 40
15 51
15 54
16 16
16 21
16 36
16 40
16 46
16 47
16 55
16 63
17 17
17 26
17 46
17 53
17 55
18 18
18 31
18 52
18 59
18 64
19 19
19 30
19 39
19 43
19 56
19 61
20 20
20 24
20 32
20 44
20 57
21 21
21 36
21 40
21 46
21 63
22 22
22 26
22 35
22 48
22 53
23 23
23 29
23 36
23 47
24 24
24 28
24 32
24 57
24 62
25 25
25 33
25 35
25 42
25 50
26 26
26 48
26 53
27 27
27 45
27 46
27 53
27 60
27 63
28 28
28 38
28 41
28 54
28 57
28 62
29 29
29 36
29 40
29 47
29 51
30 30
30 52
30 56
30 61
31 31
31 44
31 59
31 64
32 32
32 44
32 57
32 60
33 33
33 42
33 50
34 34
34 49
34 56
34 58
34 61
35 35
35 48
35 50
36 36
36 40
36 47
36 51
37 37
37 45
37 52
37 59
37 64
38 38
38 40
38 51
38 54
39 39
39 42
39 43
40 40
40 51
41 41
41 54
41 62
42 42
42 50
43 43
43 61
44 44
44 59
45 45
45 59
45 60
45 64
46 46
46 55
46 63
47 47
48 48
48 53
49 49
49 52
49 56
49 61
50 50
51 51
52 52
52 56
52 64
53 53
54 54
54 62
55 55
56 56
56 61
57 57
57 62
58 58
58 61
59 59
59 60
59 64
60 60
60 63
61 61
62 62
63 63
64 64
25
8
30
14
37
11
22
35
63
10
32
24
28
15
40
21
