
Graph::dump() {
   className    = Graph
   classSize    = 88
   idNumber     = 0
   currentState = VALID
   nVtxs        = 21
   nEdges       = 100
   nBoundVtxs   = 0
   nCutEdges    = 0
   nNonZeros    = 200
   vtxWeights?  = No
   edgeWeights? = No
}

    1 |      2      3      6      7      9     10     11 
    2 |      1      3      6      7      9     10     11 
    3 |      1      2      4      5      6      7      8      9     10     11     12     13 
    4 |      3      5      7      8     11     12     13 
    5 |      3      4      7      8     11     12     13 
    6 |      1      2      3      7      9     10     11 
    7 |      1      2      3      4      5      6      8      9     10     11     12     13 
    8 |      3      4      5      7     11     12     13 
    9 |      1      2      3      6      7     10     11     14     15     17     18     19 
   10 |      1      2      3      6      7      9     11     14     15     17     18     19 
   11 |      1      2      3      4      5      6      7      8      9     10     12     13     14     15     16     17     18     19     20     21 
   12 |      3      4      5      7      8     11     13     15     16     19     20     21 
   13 |      3      4      5      7      8     11     12     15     16     19     20     21 
   14 |      9     10     11     15     17     18     19 
   15 |      9     10     11     12     13     14     16     17     18     19     20     21 
   16 |     11     12     13     15     19     20     21 
   17 |      9     10     11     14     15     18     19 
   18 |      9     10     11     14     15     17     19 
   19 |      9     10     11     12     13     14     15     16     17     18     20     21 
   20 |     11     12     13     15     16     19     21 
   21 |     11     12     13     15     16     19     20 
Compressed from 21 vertices to 9 vertices.

Graph::dump() {
   className    = Graph
   classSize    = 88
   idNumber     = 2
   currentState = VALID
   nVtxs        = 9
   nEdges       = 20
   nBoundVtxs   = 0
   nCutEdges    = 0
   nNonZeros    = 40
   vtxWeights?  = Yes
   edgeWeights? = No
}

    1 [    3] |      2      4      5 
    2 [    2] |      1      3      4      5      6 
    3 [    3] |      2      5      6 
    4 [    2] |      1      2      5      7      8 
    5 [    1] |      1      2      3      4      6      7      8      9 
    6 [    2] |      2      3      5      8      9 
    7 [    3] |      4      5      8 
    8 [    2] |      4      5      6      7      9 
    9 [    3] |      5      6      8 
