This new permutation object is serial #2
Dumping the uncompressed PermutationMap { 
  PermutationMap:6 7 10 0 1 3 2 4 5 8 9 11 
}
Destroying Registry... PersistanceRegistery::dump():  4 items
             CompressionMap (44) 1/1---> SpindlePersistant
             PermutationMap (44) 2/2---> SpindlePersistant
           SpindleBaseClass (8) 3/3---> 
          SpindlePersistant (12) 3/3---> SpindleBaseClass
