Size of CompressionMap class = 44
According to the registry it is = 44
This cmap object is serial #0
Dumping the Object { 
  CompressionMap:0 0 1 0 1 1 2 3 4 4 3 4 
}
coarse2fine map = {
  nCoarse = 5
      0:      0     1     3 
      1:      2     4     5 
      2:      6 
      3:      7    10 
      4:      8     9    11 
}
Destroying Registry... PersistanceRegistery::dump():  3 items
             CompressionMap (44) 1/1---> SpindlePersistant
           SpindleBaseClass (8) 0/0---> 
          SpindlePersistant (12) 1/1---> SpindleBaseClass
